[    0.000000] Initializing cgroup subsys cpuset
[    0.000000] Initializing cgroup subsys cpu
[    0.000000] Initializing cgroup subsys cpuacct
[    0.000000] Linux version 4.4.0-210-generic (buildd@lgw01-amd64-009) (gcc version 5.4.0 20160609 (Ubuntu 5.4.0-6ubuntu1~16.04.12) ) #242-Ubuntu SMP Fri Apr 16 09:57:56 UTC 2021 (Ubuntu 4.4.0-210.242-generic 4.4.262)
[    0.000000] Command line: BOOT_IMAGE=/boot/vmlinuz-4.4.0-210-generic root=LABEL=cloudimg-rootfs ro console=tty1 console=ttyS0
[    0.000000] KERNEL supported cpus:
[    0.000000]   Intel GenuineIntel
[    0.000000]   AMD AuthenticAMD
[    0.000000]   Centaur CentaurHauls
[    0.000000] x86/fpu: xstate_offset[2]:  576, xstate_sizes[2]:  256
[    0.000000] x86/fpu: Supporting XSAVE feature 0x01: 'x87 floating point registers'
[    0.000000] x86/fpu: Supporting XSAVE feature 0x02: 'SSE registers'
[    0.000000] x86/fpu: Supporting XSAVE feature 0x04: 'AVX registers'
[    0.000000] x86/fpu: Enabled xstate features 0x7, context size is 832 bytes, using 'standard' format.
[    0.000000] e820: BIOS-provided physical RAM map:
[    0.000000] BIOS-e820: [mem 0x0000000000000000-0x000000000009fbff] usable
[    0.000000] BIOS-e820: [mem 0x000000000009fc00-0x000000000009ffff] reserved
[    0.000000] BIOS-e820: [mem 0x00000000000f0000-0x00000000000fffff] reserved
[    0.000000] BIOS-e820: [mem 0x0000000000100000-0x000000007ffeffff] usable
[    0.000000] BIOS-e820: [mem 0x000000007fff0000-0x000000007fffffff] ACPI data
[    0.000000] BIOS-e820: [mem 0x00000000fec00000-0x00000000fec00fff] reserved
[    0.000000] BIOS-e820: [mem 0x00000000fee00000-0x00000000fee00fff] reserved
[    0.000000] BIOS-e820: [mem 0x00000000fffc0000-0x00000000ffffffff] reserved
[    0.000000] NX (Execute Disable) protection: active
[    0.000000] SMBIOS 2.5 present.
[    0.000000] Hypervisor detected: KVM
[    0.000000] Kernel/User page tables isolation: disabled
[    0.000000] e820: last_pfn = 0x7fff0 max_arch_pfn = 0x400000000
[    0.000000] MTRR: Disabled
[    0.000000] x86/PAT: MTRRs disabled, skipping PAT initialization too.
[    0.000000] CPU MTRRs all blank - virtualized system.
[    0.000000] x86/PAT: Configuration [0-7]: WB  WT  UC- UC  WB  WT  UC- UC  
[    0.000000] found SMP MP-table at [mem 0x0009fff0-0x0009ffff] mapped at [ffff88000009fff0]
[    0.000000] Scanning 1 areas for low memory corruption
[    0.000000] RAMDISK: [mem 0x362dc000-0x37165fff]
[    0.000000] ACPI: Early table checksum verification disabled
[    0.000000] ACPI: RSDP 0x00000000000E0000 000024 (v02 VBOX  )
[    0.000000] ACPI: XSDT 0x000000007FFF0030 00003C (v01 VBOX   VBOXXSDT 00000001 ASL  00000061)
[    0.000000] ACPI: FACP 0x000000007FFF00F0 0000F4 (v04 VBOX   VBOXFACP 00000001 ASL  00000061)
[    0.000000] ACPI: DSDT 0x000000007FFF0470 0022EA (v02 VBOX   VBOXBIOS 00000002 INTL 20100528)
[    0.000000] ACPI: FACS 0x000000007FFF0200 000040
[    0.000000] ACPI: FACS 0x000000007FFF0200 000040
[    0.000000] ACPI: APIC 0x000000007FFF0240 00005C (v02 VBOX   VBOXAPIC 00000001 ASL  00000061)
[    0.000000] ACPI: SSDT 0x000000007FFF02A0 0001CC (v01 VBOX   VBOXCPUT 00000002 INTL 20100528)
[    0.000000] No NUMA configuration found
[    0.000000] Faking a node at [mem 0x0000000000000000-0x000000007ffeffff]
[    0.000000] NODE_DATA(0) allocated [mem 0x7ffeb000-0x7ffeffff]
[    0.000000] kvm-clock: Using msrs 4b564d01 and 4b564d00
[    0.000000] kvm-clock: cpu 0, msr 0:7ffe3001, primary cpu clock
[    0.000000] kvm-clock: using sched offset of 3316302287 cycles
[    0.000000] clocksource: kvm-clock: mask: 0xffffffffffffffff max_cycles: 0x1cd42e4dffb, max_idle_ns: 881590591483 ns
[    0.000000] Zone ranges:
[    0.000000]   DMA      [mem 0x0000000000001000-0x0000000000ffffff]
[    0.000000]   DMA32    [mem 0x0000000001000000-0x000000007ffeffff]
[    0.000000]   Normal   empty
[    0.000000]   Device   empty
[    0.000000] Movable zone start for each node
[    0.000000] Early memory node ranges
[    0.000000]   node   0: [mem 0x0000000000001000-0x000000000009efff]
[    0.000000]   node   0: [mem 0x0000000000100000-0x000000007ffeffff]
[    0.000000] Initmem setup node 0 [mem 0x0000000000001000-0x000000007ffeffff]
[    0.000000] ACPI: PM-Timer IO Port: 0x4008
[    0.000000] IOAPIC[0]: apic_id 2, version 32, address 0xfec00000, GSI 0-23
[    0.000000] ACPI: INT_SRC_OVR (bus 0 bus_irq 0 global_irq 2 dfl dfl)
[    0.000000] ACPI: INT_SRC_OVR (bus 0 bus_irq 9 global_irq 9 low level)
[    0.000000] Using ACPI (MADT) for SMP configuration information
[    0.000000] smpboot: Allowing 2 CPUs, 0 hotplug CPUs
[    0.000000] PM: Registered nosave memory: [mem 0x00000000-0x00000fff]
[    0.000000] PM: Registered nosave memory: [mem 0x0009f000-0x0009ffff]
[    0.000000] PM: Registered nosave memory: [mem 0x000a0000-0x000effff]
[    0.000000] PM: Registered nosave memory: [mem 0x000f0000-0x000fffff]
[    0.000000] e820: [mem 0x80000000-0xfebfffff] available for PCI devices
[    0.000000] Booting paravirtualized kernel on KVM
[    0.000000] clocksource: refined-jiffies: mask: 0xffffffff max_cycles: 0xffffffff, max_idle_ns: 7645519600211568 ns
[    0.000000] setup_percpu: NR_CPUS:512 nr_cpumask_bits:512 nr_cpu_ids:2 nr_node_ids:1
[    0.000000] PERCPU: Embedded 33 pages/cpu @ffff88007fc00000 s95192 r8192 d31784 u1048576
[    0.000000] Built 1 zonelists in Node order, mobility grouping on.  Total pages: 515960
[    0.000000] Policy zone: DMA32
[    0.000000] Kernel command line: BOOT_IMAGE=/boot/vmlinuz-4.4.0-210-generic root=LABEL=cloudimg-rootfs ro console=tty1 console=ttyS0
[    0.000000] PID hash table entries: 4096 (order: 3, 32768 bytes)
[    0.000000] Memory: 2029984K/2096696K available (8644K kernel code, 1332K rwdata, 4044K rodata, 1492K init, 1164K bss, 66712K reserved, 0K cma-reserved)
[    0.000000] SLUB: HWalign=64, Order=0-3, MinObjects=0, CPUs=2, Nodes=1
[    0.000000] Hierarchical RCU implementation.
[    0.000000] 	Build-time adjustment of leaf fanout to 64.
[    0.000000] 	RCU restricting CPUs from NR_CPUS=512 to nr_cpu_ids=2.
[    0.000000] RCU: Adjusting geometry for rcu_fanout_leaf=64, nr_cpu_ids=2
[    0.000000] NR_IRQS:33024 nr_irqs:440 16
[    0.000000] Console: colour VGA+ 80x25
[    0.000000] console [tty1] enabled
[    0.000000] console [ttyS0] enabled
[    0.000000] tsc: Detected 2303.998 MHz processor
[    0.155224] Calibrating delay loop (skipped) preset value.. 4607.99 BogoMIPS (lpj=9215992)
[    0.156468] pid_max: default: 32768 minimum: 301
[    0.157138] ACPI: Core revision 20150930
[    0.158492] ACPI: 2 ACPI AML tables successfully acquired and loaded
[    0.159481] Security Framework initialized
[    0.160097] Yama: becoming mindful.
[    0.160676] AppArmor: AppArmor initialized
[    0.164378] Dentry cache hash table entries: 262144 (order: 9, 2097152 bytes)
[    0.165659] Inode-cache hash table entries: 131072 (order: 8, 1048576 bytes)
[    0.166718] Mount-cache hash table entries: 4096 (order: 3, 32768 bytes)
[    0.167634] Mountpoint-cache hash table entries: 4096 (order: 3, 32768 bytes)
[    0.171815] Initializing cgroup subsys io
[    0.172449] Initializing cgroup subsys memory
[    0.173092] Initializing cgroup subsys devices
[    0.173762] Initializing cgroup subsys freezer
[    0.174522] Initializing cgroup subsys net_cls
[    0.175195] Initializing cgroup subsys perf_event
[    0.175868] Initializing cgroup subsys net_prio
[    0.176539] Initializing cgroup subsys hugetlb
[    0.177259] Initializing cgroup subsys pids
[    0.179485] mce: CPU supports 0 MCE banks
[    0.180118] Last level iTLB entries: 4KB 64, 2MB 8, 4MB 8
[    0.180865] Last level dTLB entries: 4KB 64, 2MB 0, 4MB 0, 1GB 4
[    0.181684] Spectre V1 : Mitigation: usercopy/swapgs barriers and __user pointer sanitization
[    0.182961] Spectre V2 : Mitigation: Enhanced IBRS
[    0.183644] Spectre V2 : Spectre v2 / SpectreRSB mitigation: Filling RSB on context switch
[    0.184841] Speculative Store Bypass: Vulnerable
[    0.185509] TAA: Mitigation: TSX disabled
[    0.186132] SRBDS: Mitigation: TSX disabled
[    0.188879] Freeing SMP alternatives memory: 36K
[    0.194559] ftrace: allocating 32380 entries in 127 pages
[    0.235166] smpboot: APIC(0) Converting physical 0 to logical package 0
[    0.236155] smpboot: Max logical packages: 1
[    0.237070] x2apic enabled
[    0.237744] Switched APIC routing to physical x2apic.
[    0.239494] ..TIMER: vector=0x30 apic1=0 pin1=2 apic2=-1 pin2=-1
[    0.348645] smpboot: CPU0: Intel(R) Core(TM) i7-10610U CPU @ 1.80GHz (family: 0x6, model: 0x8e, stepping: 0xc)
[    0.350539] Performance Events: unsupported p6 CPU model 142 no PMU driver, software events only.
[    0.369066] KVM setup paravirtual spinlock
[    0.370318] x86: Booting SMP configuration:
[    0.371009] .... node  #0, CPUs:      #1
[    0.371757] kvm-clock: cpu 1, msr 0:7ffe3041, secondary cpu clock
[    0.374030] mce: CPU supports 0 MCE banks
[    0.376501] x86: Booted up 1 node, 2 CPUs
[    0.377520] smpboot: Total of 2 processors activated (9215.99 BogoMIPS)
[    0.382799] devtmpfs: initialized
[    0.385242] evm: security.selinux
[    0.385988] evm: security.SMACK64
[    0.386696] evm: security.SMACK64EXEC
[    0.387593] evm: security.SMACK64TRANSMUTE
[    0.388540] evm: security.SMACK64MMAP
[    0.389129] evm: security.ima
[    0.389631] evm: security.capability
[    0.390480] clocksource: jiffies: mask: 0xffffffff max_cycles: 0xffffffff, max_idle_ns: 7645041785100000 ns
[    0.391919] futex hash table entries: 512 (order: 3, 32768 bytes)
[    0.392846] pinctrl core: initialized pinctrl subsystem
[    0.393645] RTC time: 23:19:34, date: 07/28/22
[    0.394428] NET: Registered protocol family 16
[    0.407516] cpuidle: using governor ladder
[    0.422276] cpuidle: using governor menu
[    0.422934] PCCT header not found.
[    0.423589] ACPI: bus type PCI registered
[    0.424242] acpiphp: ACPI Hot Plug PCI Controller Driver version: 0.5
[    0.425219] PCI: Using configuration type 1 for base access
[    0.439720] ACPI: Added _OSI(Module Device)
[    0.440409] ACPI: Added _OSI(Processor Device)
[    0.441279] ACPI: Added _OSI(3.0 _SCP Extensions)
[    0.442123] ACPI: Added _OSI(Processor Aggregator Device)
[    0.443656] ACPI: Executed 1 blocks of module-level executable AML code
[    0.451354] ACPI: Interpreter enabled
[    0.452134] ACPI: (supports S0 S5)
[    0.452878] ACPI: Using IOAPIC for interrupt routing
[    0.453762] PCI: Using host bridge windows from ACPI; if necessary, use "pci=nocrs" and report a bug
[    0.460389] ACPI: PCI Root Bridge [PCI0] (domain 0000 [bus 00-ff])
[    0.461340] acpi PNP0A03:00: _OSC: OS supports [ASPM ClockPM Segments MSI]
[    0.462509] acpi PNP0A03:00: _OSC: not requesting OS control; OS requires [ExtendedConfig ASPM ClockPM MSI]
[    0.463898] acpi PNP0A03:00: fail to add MMCONFIG information, can't access extended PCI configuration space under this bridge.
[    0.465680] PCI host bridge to bus 0000:00
[    0.466293] pci_bus 0000:00: root bus resource [io  0x0000-0x0cf7 window]
[    0.467516] pci_bus 0000:00: root bus resource [io  0x0d00-0xffff window]
[    0.468681] pci_bus 0000:00: root bus resource [mem 0x000a0000-0x000bffff window]
[    0.470044] pci_bus 0000:00: root bus resource [mem 0x80000000-0xfdffffff window]
[    0.471175] pci_bus 0000:00: root bus resource [bus 00-ff]
[    0.473789] pci 0000:00:01.1: legacy IDE quirk: reg 0x10: [io  0x01f0-0x01f7]
[    0.474964] pci 0000:00:01.1: legacy IDE quirk: reg 0x14: [io  0x03f6]
[    0.476121] pci 0000:00:01.1: legacy IDE quirk: reg 0x18: [io  0x0170-0x0177]
[    0.488552] pci 0000:00:01.1: legacy IDE quirk: reg 0x1c: [io  0x0376]
[    0.507562] pci 0000:00:07.0: quirk: [io  0x4000-0x403f] claimed by PIIX4 ACPI
[    0.508753] pci 0000:00:07.0: quirk: [io  0x4100-0x410f] claimed by PIIX4 SMB
[    0.519512] ACPI: PCI Interrupt Link [LNKA] (IRQs 5 9 10 *11)
[    0.520827] ACPI: PCI Interrupt Link [LNKB] (IRQs 5 9 *10 11)
[    0.522323] ACPI: PCI Interrupt Link [LNKC] (IRQs 5 *9 10 11)
[    0.523474] ACPI: PCI Interrupt Link [LNKD] (IRQs 5 9 10 *11)
[    0.524660] ACPI: Enabled 2 GPEs in block 00 to 07
[    0.525763] vgaarb: setting as boot device: PCI:0000:00:02.0
[    0.526550] vgaarb: device added: PCI:0000:00:02.0,decodes=io+mem,owns=io+mem,locks=none
[    0.527760] vgaarb: loaded
[    0.528236] vgaarb: bridge control possible 0000:00:02.0
[    0.529142] SCSI subsystem initialized
[    0.529798] ACPI: bus type USB registered
[    0.530433] usbcore: registered new interface driver usbfs
[    0.531319] usbcore: registered new interface driver hub
[    0.532080] usbcore: registered new device driver usb
[    0.532957] PCI: Using ACPI for IRQ routing
[    0.533820] NetLabel: Initializing
[    0.534374] NetLabel:  domain hash size = 128
[    0.535059] NetLabel:  protocols = UNLABELED CIPSOv4
[    0.535800] NetLabel:  unlabeled traffic allowed by default
[    0.536659] amd_nb: Cannot enumerate AMD northbridges
[    0.537412] clocksource: Switched to clocksource kvm-clock
[    0.547859] AppArmor: AppArmor Filesystem Enabled
[    0.548617] pnp: PnP ACPI init
[    0.549799] pnp: PnP ACPI: found 3 devices
[    0.558413] clocksource: acpi_pm: mask: 0xffffff max_cycles: 0xffffff, max_idle_ns: 2085701024 ns
[    0.559920] NET: Registered protocol family 2
[    0.560850] TCP established hash table entries: 16384 (order: 5, 131072 bytes)
[    0.562008] TCP bind hash table entries: 16384 (order: 6, 262144 bytes)
[    0.563130] TCP: Hash tables configured (established 16384 bind 16384)
[    0.564274] UDP hash table entries: 1024 (order: 3, 32768 bytes)
[    0.566328] UDP-Lite hash table entries: 1024 (order: 3, 32768 bytes)
[    0.567399] NET: Registered protocol family 1
[    0.568369] pci 0000:00:00.0: Limiting direct PCI/PCI transfers
[    0.569524] pci 0000:00:01.0: Activating ISA DMA hang workarounds
[    0.570588] Unpacking initramfs...
[    0.837932] Freeing initrd memory: 14888K
[    0.839234] clocksource: tsc: mask: 0xffffffffffffffff max_cycles: 0x2135f5e6f15, max_idle_ns: 440795231538 ns
[    0.841170] platform rtc_cmos: registered platform RTC device (no PNP device found)
[    0.842484] Scanning for low memory corruption every 60 seconds
[    0.843675] audit: initializing netlink subsys (disabled)
[    0.844433] audit: type=2000 audit(1659050379.997:1): initialized
[    0.845484] Initialise system trusted keyring
[    0.846275] HugeTLB registered 2 MB page size, pre-allocated 0 pages
[    0.848062] zbud: loaded
[    0.848672] VFS: Disk quotas dquot_6.6.0
[    0.849350] VFS: Dquot-cache hash table entries: 512 (order 0, 4096 bytes)
[    0.850494] squashfs: version 4.0 (2009/01/31) Phillip Lougher
[    0.851569] fuse init (API version 7.23)
[    0.852674] Key type big_key registered
[    0.853330] Allocating IMA MOK and blacklist keyrings.
[    0.855231] Key type asymmetric registered
[    0.855849] Asymmetric key parser 'x509' registered
[    0.856581] Block layer SCSI generic (bsg) driver version 0.4 loaded (major 249)
[    0.857931] io scheduler noop registered
[    0.858531] io scheduler deadline registered (default)
[    0.859267] io scheduler cfq registered
[    0.859927] pci_hotplug: PCI Hot Plug PCI Core version: 0.5
[    0.860714] pciehp: PCI Express Hot Plug Controller Driver version: 0.4
[    0.861711] ACPI: AC Adapter [AC] (on-line)
[    0.862382] input: Power Button as /devices/LNXSYSTM:00/LNXPWRBN:00/input/input0
[    0.863561] ACPI: Power Button [PWRF]
[    0.864199] input: Sleep Button as /devices/LNXSYSTM:00/LNXSLPBN:00/input/input1
[    0.865379] ACPI: Sleep Button [SLPF]
[    0.866142] GHES: HEST is not enabled!
[    0.866713] ACPI: Battery Slot [BAT0] (battery present)
[    0.867751] Serial: 8250/16550 driver, 32 ports, IRQ sharing enabled
[    0.889087] 00:02: ttyS0 at I/O 0x3f8 (irq = 4, base_baud = 115200) is a 16550A
[    0.892396] Linux agpgart interface v0.103
[    0.894584] loop: module loaded
[    0.895606] scsi host0: ata_piix
[    0.896231] scsi host1: ata_piix
[    0.896886] ata1: PATA max UDMA/33 cmd 0x1f0 ctl 0x3f6 bmdma 0xd000 irq 14
[    0.897825] ata2: PATA max UDMA/33 cmd 0x170 ctl 0x376 bmdma 0xd008 irq 15
[    0.899098] libphy: Fixed MDIO Bus: probed
[    0.899748] tun: Universal TUN/TAP device driver, 1.6
[    0.900461] tun: (C) 1999-2004 Max Krasnyansky <maxk@qualcomm.com>
[    0.901539] PPP generic driver version 2.4.2
[    0.902241] ehci_hcd: USB 2.0 'Enhanced' Host Controller (EHCI) Driver
[    0.903187] ehci-pci: EHCI PCI platform driver
[    0.903969] ehci-platform: EHCI generic platform driver
[    0.904762] ohci_hcd: USB 1.1 'Open' Host Controller (OHCI) Driver
[    0.905797] ohci-pci: OHCI PCI platform driver
[    0.906716] ohci-platform: OHCI generic platform driver
[    0.907600] uhci_hcd: USB Universal Host Controller Interface driver
[    0.908573] i8042: PNP: PS/2 Controller [PNP0303:PS2K,PNP0f03:PS2M] at 0x60,0x64 irq 1,12
[    0.910214] serio: i8042 KBD port at 0x60,0x64 irq 1
[    0.911009] serio: i8042 AUX port at 0x60,0x64 irq 12
[    0.911899] mousedev: PS/2 mouse device common for all mice
[    0.912964] input: AT Translated Set 2 keyboard as /devices/platform/i8042/serio0/input/input2
[    0.914672] rtc_cmos rtc_cmos: rtc core: registered rtc_cmos as rtc0
[    0.915557] rtc_cmos rtc_cmos: alarms up to one day, 114 bytes nvram
[    0.916405] i2c /dev entries driver
[    0.916989] device-mapper: uevent: version 1.0.3
[    0.917744] device-mapper: ioctl: 4.34.0-ioctl (2015-10-28) initialised: dm-devel@redhat.com
[    0.918992] ledtrig-cpu: registered to indicate activity on CPUs
[    0.920254] NET: Registered protocol family 10
[    0.921194] NET: Registered protocol family 17
[    0.921898] Key type dns_resolver registered
[    0.922875] registered taskstats version 1
[    0.923497] Loading compiled-in X.509 certificates
[    0.924629] Loaded X.509 cert 'Build time autogenerated kernel key: cf00e047681d67edb2720680708b7d9498083038'
[    0.926184] zswap: loaded using pool lzo/zbud
[    0.928023] Key type trusted registered
[    0.938083] Key type encrypted registered
[    0.938778] AppArmor: AppArmor sha1 policy hashing enabled
[    0.939570] ima: No TPM chip found, activating TPM-bypass!
[    0.940370] ima: Allocated hash algorithm: sha1
[    0.941093] evm: HMAC attrs: 0x1
[    0.941995]   Magic number: 14:822:353
[    0.942625] rtc_cmos rtc_cmos: setting system clock to 2022-07-28 23:19:35 UTC (1659050375)
[    0.943927] BIOS EDD facility v0.16 2004-Jun-25, 0 devices found
[    0.944864] EDD information not available.
[    1.059045] Freeing unused kernel memory: 1492K
[    1.059878] Write protecting the kernel read-only data: 14336k
[    1.061282] Freeing unused kernel memory: 1584K
[    1.062265] Freeing unused kernel memory: 52K
Loading, please wait...
starting version 229
[    1.070692] random: systemd-udevd: uninitialized urandom read (16 bytes read, 3 bits of entropy available)
[    1.072456] random: systemd-udevd: uninitialized urandom read (16 bytes read, 3 bits of entropy available)
[    1.073554] random: udevadm: uninitialized urandom read (16 bytes read, 3 bits of entropy available)
[    1.073567] random: udevadm: uninitialized urandom read (16 bytes read, 3 bits of entropy available)
[    1.077227] random: systemd-udevd: uninitialized urandom read (16 bytes read, 3 bits of entropy available)
[    1.078301] random: udevadm: uninitialized urandom read (16 bytes read, 3 bits of entropy available)
[    1.078327] random: udevadm: uninitialized urandom read (16 bytes read, 3 bits of entropy available)
[    1.078399] random: udevadm: uninitialized urandom read (16 bytes read, 3 bits of entropy available)
[    1.078424] random: udevadm: uninitialized urandom read (16 bytes read, 3 bits of entropy available)
[    1.078449] random: udevadm: uninitialized urandom read (16 bytes read, 3 bits of entropy available)
[    1.108318] e1000: Intel(R) PRO/1000 Network Driver - version 7.3.21-k8-NAPI
[    1.109350] e1000: Copyright (c) 1999-2006 Intel Corporation.
[    1.114377] Fusion MPT base driver 3.04.20
[    1.115208] Copyright (c) 1999-2008 LSI Corporation
[    1.120351] Fusion MPT SPI Host driver 3.04.20
[    1.130943] AVX2 version of gcm_enc/dec engaged.
[    1.131815] AES CTR mode by8 optimization enabled
[    1.327326] input: ImExPS/2 Generic Explorer Mouse as /devices/platform/i8042/serio1/input/input4
[    1.525725] e1000 0000:00:03.0 eth0: (PCI:33MHz:32-bit) 02:be:82:6b:cc:1d
[    1.527001] e1000 0000:00:03.0 eth0: Intel(R) PRO/1000 Network Connection
[    1.528681] mptbase: ioc0: Initiating bringup
[    1.694571] ioc0: LSI53C1030 A0: Capabilities={Initiator}
[    2.851060] scsi host2: ioc0: LSI53C1030 A0, FwRev=00000000h, Ports=1, MaxQ=256, IRQ=20
[    3.850406] scsi 2:0:0:0: Direct-Access     VBOX     HARDDISK         1.0  PQ: 0 ANSI: 5
[    3.851972] scsi target2:0:0: Beginning Domain Validation
[    3.853873] scsi target2:0:0: Domain Validation skipping write tests
[    3.855030] scsi target2:0:0: Ending Domain Validation
[    3.855935] scsi target2:0:0: asynchronous
[    3.856979] scsi 2:0:1:0: Direct-Access     VBOX     HARDDISK         1.0  PQ: 0 ANSI: 5
[    3.858311] scsi target2:0:1: Beginning Domain Validation
[    3.860061] scsi target2:0:1: Domain Validation skipping write tests
[    3.860996] scsi target2:0:1: Ending Domain Validation
[    3.871233] scsi target2:0:1: asynchronous
[    3.886317] sd 2:0:0:0: Attached scsi generic sg0 type 0
[    3.887552] sd 2:0:0:0: [sda] 83886080 512-byte logical blocks: (42.9 GB/40.0 GiB)
[    3.889762] sd 2:0:1:0: Attached scsi generic sg1 type 0
[    3.890888] sd 2:0:1:0: [sdb] 20480 512-byte logical blocks: (10.5 MB/10.0 MiB)
[    3.893206] sd 2:0:0:0: [sda] Write Protect is off
[    3.894162] sd 2:0:1:0: [sdb] Write Protect is off
[    3.895259] sd 2:0:0:0: [sda] Incomplete mode parameter data
[    3.896216] sd 2:0:0:0: [sda] Assuming drive cache: write through
[    3.897313] sd 2:0:1:0: [sdb] Incomplete mode parameter data
[    3.898201] sd 2:0:1:0: [sdb] Assuming drive cache: write through
[    3.900464]  sda: sda1
[    3.901878] sd 2:0:0:0: [sda] Attached SCSI disk
[    3.902711] sd 2:0:1:0: [sdb] Attached SCSI disk
[    4.411636] e1000 0000:00:08.0 eth1: (PCI:33MHz:32-bit) 08:00:27:99:11:a9
[    4.413253] e1000 0000:00:08.0 eth1: Intel(R) PRO/1000 Network Connection
[    4.415359] e1000 0000:00:03.0 enp0s3: renamed from eth0
[    4.430067] e1000 0000:00:08.0 enp0s8: renamed from eth1
Begin: Loading essential drivers ... [    5.750845] md: linear personality registered for level -1
[    5.754101] md: multipath personality registered for level -4
[    5.757616] md: raid0 personality registered for level 0
[    5.762269] md: raid1 personality registered for level 1
[    5.833517] raid6: sse2x1   gen()  8866 MB/s
[    5.901907] raid6: sse2x1   xor()  6006 MB/s
[    5.969860] raid6: sse2x2   gen() 12420 MB/s
[    6.037542] raid6: sse2x2   xor()  8681 MB/s
[    6.105909] raid6: sse2x4   gen() 14655 MB/s
[    6.173810] raid6: sse2x4   xor()  9739 MB/s
[    6.242126] raid6: avx2x1   gen() 20059 MB/s
[    6.310201] raid6: avx2x2   gen() 24002 MB/s
[    6.377474] raid6: avx2x4   gen() 24181 MB/s
[    6.378528] raid6: using algorithm avx2x4 gen() 24181 MB/s
[    6.379713] raid6: using avx2x2 recovery algorithm
[    6.381907] xor: automatically using best checksumming function:
[    6.421873]    avx       : 25793.000 MB/sec
[    6.424063] async_tx: api initialized (async)
[    6.434094] md: raid6 personality registered for level 6
[    6.435438] md: raid5 personality registered for level 5
[    6.436355] md: raid4 personality registered for level 4
[    6.442386] md: raid10 personality registered for level 10
done.
Begin: Running /scripts/init-premount ... done.
Begin: Mounting root file system ... Begin: Running /scripts/local-top ... done.
Begin: Running /scripts/local-premount ... [    6.470123] Btrfs loaded
Scanning for Btrfs filesystems
done.
Warning: fsck not present, so skipping root file system
[    6.495146] EXT4-fs (sda1): mounted filesystem with ordered data mode. Opts: (null)
done.
Begin: Running /scripts/local-bottom ... done.
Begin: Running /scripts/init-bottom ... done.
[    6.567706] systemd[1]: systemd 229 running in system mode. (+PAM +AUDIT +SELINUX +IMA +APPARMOR +SMACK +SYSVINIT +UTMP +LIBCRYPTSETUP +GCRYPT +GNUTLS +ACL +XZ -LZ4 +SECCOMP +BLKID +ELFUTILS +KMOD -IDN)
[    6.570998] systemd[1]: Detected virtualization oracle.
[    6.572326] systemd[1]: Detected architecture x86-64.

Welcome to [1mUbuntu 16.04.7 LTS[0m!

[    6.575882] systemd[1]: Set hostname to <ubuntu>.
[    6.578029] systemd[1]: Initializing machine ID from random generator.
[    6.579185] systemd[1]: Installed transient /etc/machine-id file.
[    6.676112] systemd[1]: Set up automount Arbitrary Executable File Formats File System Automount Point.
[[0;32m  OK  [0m] Set up automount Arbitrary Executab...ats File System Automount Point.
[    6.679167] systemd[1]: Started Trigger resolvconf update for networkd DNS.
[[0;32m  OK  [0m] Started Trigger resolvconf update for networkd DNS.
[    6.681400] systemd[1]: Listening on Syslog Socket.
[[0;32m  OK  [0m] Listening on Syslog Socket.
[    6.683338] systemd[1]: Created slice User and Session Slice.
[[0;32m  OK  [0m] Created slice User and Session Slice.
[    6.685285] systemd[1]: Listening on Device-mapper event daemon FIFOs.
[[0;32m  OK  [0m] Listening on Device-mapper event daemon FIFOs.
[    6.687428] systemd[1]: Reached target Swap.
[[0;32m  OK  [0m] Reached target Swap.
[    6.689745] systemd[1]: Reached target System Time Synchronized.
[[0;32m  OK  [0m] Reached target System Time Synchronized.
[    6.691921] systemd[1]: Listening on udev Control Socket.
[[0;32m  OK  [0m] Listening on udev Control Socket.
[    6.693799] systemd[1]: Listening on Journal Socket (/dev/log).
[[0;32m  OK  [0m] Listening on Journal Socket (/dev/log).
[    6.695762] systemd[1]: Listening on Journal Audit Socket.
[[0;32m  OK  [0m] Listening on Journal Audit Socket.
[    6.697628] systemd[1]: Reached target Encrypted Volumes.
[[0;32m  OK  [0m] Reached target Encrypted Volumes.
[    6.699451] systemd[1]: Listening on LVM2 metadata daemon socket.
[[0;32m  OK  [0m] Listening on LVM2 metadata daemon socket.
[    6.701430] systemd[1]: Reached target User and Group Name Lookups.
[[0;32m  OK  [0m] Reached target User and Group Name Lookups.
[    6.703561] systemd[1]: Listening on Journal Socket.
[[0;32m  OK  [0m] Listening on Journal Socket.
[    6.705688] systemd[1]: Listening on fsck to fsckd communication Socket.
[[0;32m  OK  [0m] Listening on fsck to fsckd communication Socket.
[    6.708388] systemd[1]: Created slice System Slice.
[[0;32m  OK  [0m] Created slice System Slice.
[    6.726057] systemd[1]: Starting Monitoring of LVM2 mirrors, snapshots etc. using dmeventd or progress polling...
         Starting Monitoring of LVM2 mirrors... dmeventd or progress polling...
[    6.729931] systemd[1]: Starting Journal Service...
         Starting Journal Service...
[    6.735968] systemd[1]: Reached target Slices.
[[0;32m  OK  [0m] Reached target Slices.
[    6.739230] systemd[1]: Starting Uncomplicated firewall...
         Starting Uncomplicated firewall...
[    6.742517] systemd[1]: Starting Create list of required static device nodes for the current kernel...
         Starting Create list of required st... nodes for the current kernel...
[    6.750711] systemd[1]: Mounting Huge Pages File System...
         Mounting Huge Pages File System...
[    6.754570] systemd[1]: Starting Load Kernel Modules...
         Starting Load Kernel Modules...
[    6.757759] systemd[1]: Starting Set console keymap...
         Starting Set console keymap...
[    6.760831] systemd[1]: Mounting POSIX Message Queue File System...
         Mounting POSIX Message Queue File System...
[    6.774665] systemd[1]: Starting File System Check on Root Device...
         Starting File System Check on Root Device...
[    6.778142] systemd[1]: Starting Nameserver information manager...
         Starting Nameserver information manager...
[    6.780681] systemd[1]: Listening on udev Kernel Socket.
[[0;32m  OK  [0m] Listening on udev Kernel Socket.[    6.782724] Loading iSCSI transport class v2.0-870.

[    6.783811] systemd[1]: Created slice system-serial\x2dgetty.slice.
[[0;32m  OK  [0m] Created slice system-serial\x2dgetty.slice.
[    6.786152] systemd[1]: Started Forward Password Requests to Wall Directory Watch.
[[0;32m  OK  [0m] Started Forward Password Requests to Wall Directory Watch.
[    6.798697] systemd[1]: Mounting Debug File System...
         Mounting Debug File System...
[    6.801340] systemd[1]: Listening on LVM2 poll daemon socket.
[[0;32m  OK  [0m] Listening on LVM2 poll daemon socket.
[    6.804828] iscsi: registered transport (tcp)
[    6.806931] systemd[1]: Listening on /dev/initctl Compatibility Named Pipe.
[[0;32m  OK  [0m] Listening on /dev/initctl Compatibility Named Pipe.
[    6.823206] systemd[1]: Mounted Huge Pages File System.
[[0;32m  OK  [0m] Mounted Huge Pages File System.
[    6.825985] systemd[1]: Mounted POSIX Message Queue File System.
[[0;32m  OK  [0m] Mounted POSIX Message Queue File System.
[    6.828129] systemd[1]: Mounted Debug File System.
[[0;32m  OK  [0m] Mounted Debug File System.
[    6.830561] systemd[1]: Started Journal Service.
[[0;32m  OK  [0m] Started Journal Service.
[[0;32m  OK  [0m] Started Uncomplicated firewall.
[[0;32m  OK  [0m] Started Create list of required sta...ce nodes for the current kernel.
[[0;32m  OK  [0m] Started Set console keymap.
[    6.844035] iscsi: registered transport (iser)
[[0;32m  OK  [0m] Started Load Kernel Modules.
[[0;32m  OK  [0m] Started File System Check on Root Device.
[[0;32m  OK  [0m] Started Nameserver information manager.
[[0;32m  OK  [0m] Started LVM2 metadata daemon.
[[0;32m  OK  [0m] Started File System Check Daemon to report status.
         Starting Remount Root and Kernel File Systems...
         Starting Apply Kernel Variables...
         Mounting FUSE Control File System...
         Starting Create Static Device Nodes in /dev...
[[0;32m  OK  [0m] Mounted FUSE Control File System.
[    6.880066] EXT4-fs (sda1): re-mounted. Opts: (null)
[[0;32m  OK  [0m] Started Apply Kernel Variables.
[[0;32m  OK  [0m] Started Remount Root and Kernel File Systems.
         Starting Flush Journal to Persistent Storage...
         Starting Load/Save Random Seed...
         Starting udev Coldplug all Devices...
[[0;32m  OK  [0m] Started Load/Save Random Seed.
[[0;32m  OK  [0m] Started Flush Journal to Persistent Storage.
[[0;32m  OK  [0m] Started Create Static Device Nodes in /dev.
         Starting udev Kernel Device Manager...
[[0;32m  OK  [0m] Started udev Kernel Device Manager.
[[0;32m  OK  [0m] Started udev Coldplug all Devices.
[[0;32m  OK  [0m] Started Dispatch Password Requests to Console Directory Watch.
[[0;32m  OK  [0m] Started Monitoring of LVM2 mirrors,...ng dmeventd or progress polling.
[[0;32m  OK  [0m] Reached target Local File Systems (Pre).
[[0;32m  OK  [0m] Reached target Local File Systems.
         Starting Commit a transient machine-id on disk...
         Starting LSB: AppArmor initialization...
         Starting Set console font and keymap...
         Starting Initial cloud-init job (pre-networking)...
         Starting Create Volatile Files and Directories...
         Starting Tell Plymouth To Write Out Runtime Data...
[[0;32m  OK  [0m] Started Create Volatile Files and Directories.
         Starting Update UTMP about System Boot/Shutdown...
[[0;32m  OK  [0m] Started Tell Plymouth To Write Out Runtime Data.
[[0;32m  OK  [0m] Started Update UTMP about System Boot/Shutdown.
[[0;32m  OK  [0m] Started Commit a transient machine-id on disk.
[[0;32m  OK  [0m] Found device /dev/ttyS0.
[[0;32m  OK  [0m] Listening on Load/Save RF Kill Switch Status /dev/rfkill Watch.
[    8.304366] cloud-init[492]: Cloud-init v. 21.1-19-gbad84ad4-0ubuntu1~16.04.2 running 'init-local' at Thu, 28 Jul 2022 23:19:42 +0000. Up 7.85 seconds.
[[0;32m  OK  [0m] Started Initial cloud-init job (pre-networking).
[[0;32m  OK  [0m] Started LSB: AppArmor initialization.
         Starting Load AppArmor profiles managed internally by snapd...
[[0;32m  OK  [0m] Reached target Network (Pre).
         Starting Raise network interfaces...
[[0;32m  OK  [0m] Started Load AppArmor profiles managed internally by snapd.
[[0;32m  OK  [0m] Started Set console font and keymap.
[[0;32m  OK  [0m] Created slice system-getty.slice.
[[0;32m  OK  [0m] Started Raise network interfaces.
         Starting Initial cloud-init job (metadata service crawler)...
[[0;32m  OK  [0m] Reached target Network.
[    9.506228] cloud-init[960]: Cloud-init v. 21.1-19-gbad84ad4-0ubuntu1~16.04.2 running 'init' at Thu, 28 Jul 2022 23:19:43 +0000. Up 9.12 seconds.
[    9.507434] cloud-init[960]: ci-info: ++++++++++++++++++++++++++++++++++++++Net device info+++++++++++++++++++++++++++++++++++++++
[    9.509429] cloud-init[960]: ci-info: +--------+-------+----------------------------+---------------+--------+-------------------+
[    9.511145] cloud-init[960]: ci-info: | Device |   Up  |          Address           |      Mask     | Scope  |     Hw-Address    |
[    9.512925] cloud-init[960]: ci-info: +--------+-------+----------------------------+---------------+--------+-------------------+
[    9.514701] cloud-init[960]: ci-info: | enp0s3 |  True |         10.0.2.15          | 255.255.255.0 | global | 02:be:82:6b:cc:1d |
[    9.517473] cloud-init[960]: ci-info: | enp0s3 |  True | fe80::be:82ff:fe6b:cc1d/64 |       .       |  link  | 02:be:82:6b:cc:1d |
[    9.519265] cloud-init[960]: ci-info: | enp0s8 | False |             .              |       .       |   .    | 08:00:27:99:11:a9 |
[    9.521213] cloud-init[960]: ci-info: |   lo   |  True |         127.0.0.1          |   255.0.0.0   |  host  |         .         |
[    9.528415] cloud-init[960]: ci-info: |   lo   |  True |          ::1/128           |       .       |  host  |         .         |
[    9.530552] cloud-init[960]: ci-info: +--------+-------+----------------------------+---------------+--------+-------------------+
[    9.532638] cloud-init[960]: ci-info: +++++++++++++++++++++++++++Route IPv4 info++++++++++++++++++++++++++++
[    9.534443] cloud-init[960]: ci-info: +-------+-------------+----------+---------------+-----------+-------+
[    9.536425] cloud-init[960]: ci-info: | Route | Destination | Gateway  |    Genmask    | Interface | Flags |
[    9.538123] cloud-init[960]: ci-info: +-------+-------------+----------+---------------+-----------+-------+
[    9.539830] cloud-init[960]: ci-info: |   0   |   0.0.0.0   | 10.0.2.2 |    0.0.0.0    |   enp0s3  |   UG  |
[    9.541388] cloud-init[960]: ci-info: |   1   |   10.0.2.0  | 0.0.0.0  | 255.255.255.0 |   enp0s3  |   U   |
[    9.543357] [[0;32m  OK  [0m] Started Initial cloud-init job (metadata service crawler).
[[0;32m  OK  [0m] Reached target Network is Online.
cloud-init[960]: ci-info: +-------+-------------+----------+---------------+-----------+-------+
[    9.546832] cloud-init[960]: ci-info: +++++++++++++++++++Route IPv6 info+++++++++++++++++++
[    9.553100] cloud-init[960]: ci-info: +-------+-------------+---------+-----------+-------+
[    9.554306] cloud-init[960]: ci-info: | Route | Destination | Gateway | Interface | Flags |
[    9.560933]          Starting iSCSI initiator daemon (iscsid)...
[[0;32m  OK  [0m] Reached target System Initialization.
[[0;32m  OK  [0m] Started Daily Cleanup of Temporary Directories.
[[0;32m  OK  [0m] Listening on D-Bus System Message Bus Socket.
[[0;32m  OK  [0m] Listening on ACPID Listen Socket.
cloud-init[960]: ci-info: +-------+-------------+---------+-----------+-------+
[    9.564873] [[0;32m  OK  [0m] Started ACPI Events Check.
[[0;32m  OK  [0m] Reached target Paths.
[[0;32m  OK  [0m] Started Ubuntu Advantage update messaging.
[[0;32m  OK  [0m] Listening on UUID daemon activation socket.
[[0;32m  OK  [0m] Started Message of the Day.
[[0;32m  OK  [0m] Started Daily apt download activities.
[[0;32m  OK  [0m] Started Daily apt upgrade and clean activities.
cloud-init         Starting LXD - unix socket.
[[0;32m  OK  [0m] Reached target Timers.
         Starting Socket activation for snappy daemon.
[[0;32m  OK  [0m] Reached target Cloud-config availability.
[960]: ci-info: |   0   |  fe80::/64  |    ::   |   enp0s3  |   U   |
[    9.574878] cloud-init[[0;32m  OK  [0m] Listening on LXD - unix socket.
[[0;32m  OK  [0m] Listening on Socket activation for snappy daemon.
[[0;32m  OK  [0m] Reached target Sockets.
[[0;32m  OK  [0m] Reached target Basic System.
[[0;32m  OK  [0m] Started D-Bus System Message Bus.
[960]: ci-info: |   3   |   ff00::/8  |    ::   |   enp0s3  |   U   |
[    9.579533] cloud-init[960]: ci-info: +-------+-------------+---------+-----------+-------+
[    9.582439] cloud-init[960]: Generating public/private rsa key pair.
[    9.584257] cloud-init[960]: Your identification has been saved in /etc/ssh/ssh_host_rsa_key.
[    9.585829] cloud-init[960]: Your public key has been saved in /etc/ssh/ssh_host_rsa_key.pub.
[    9.587267] cloud-init[960]: The key fingerprint is:
[    9.588503] cloud-init[960]: SHA256:yjsHT8LXkDqS4cQqOjJWRjB12hD12qHiESogNPqQZHo root@ubuntu-xenial
[    9.590144] cloud-init[960]: The key's randomart image is:
[    9.591420] cloud-init[960]: +---[RSA 2048]----+
[    9.592511] cloud-init[960]: | =.+oo           |
[    9.593728] cloud-init[960]: |*+. = .          |
[    9.594894] cloud-init[960]: |B E+ . o .       |
[    9.595997] cloud-init[960]: |o+..= + +        |
[    9.597231] cloud-init[960]: |..o* * oSo       |
[    9.598472] cloud-init[960]: |o oo*.*.o .      |
[    9.603336] cloud-init[960]: |..o. .oB         |
[    9.604361] cloud-init[960]: |=.    ..o        |
[    9.605285] cloud-init[960]: |oo    .o         |
[    9.606273] cloud-init[960]: +----[SHA256]-----+
[    9.607186] cloud-init[960]: Generating public/private dsa key pair.
[    9.608497] cloud-init[960]: Your identification has been saved in /etc/ssh/ssh_host_dsa_key.
[    9.609700] cloud-init[960]: Your public key has been saved in /etc/ssh/ssh_host_dsa_key.pub.
[    9.610786] cloud-init[960]: The key fingerprint is:
[    9.611792]          Starting Login Service...
cloud-init[960]:          Starting System Logging Service...
SHA256:5HBG/D3KDdD8vei+aiB/s3r9PZNGEaZUMZNHwQ7cL54 root@ubuntu-xenial
[    9.617179] cloud-init[960]: The key's randomart image is:
[    9.618391]          cloud-initStarting LSB: Record successful boot for GRUB...[960]: 
+---[DSA 1024]----+
[    9.620444] [[0;32m  OK  [0m] Started FUSE filesystem for LXC.
cloud-init[960]: |       ..o  . +B=|
         Starting LSB: MD monitoring daemon...
[    9.624089]          Starting /etc/rc.local Compatibility...
cloud-init[[0;32m  OK  [0m] Started ACPI event daemon.
[960]: |       .o o  + *+|
[    9.629193] cloud-init[960]: |      . +o o..= +|
[    9.630820]          Starting Virtualbox guest utils...
[[0;32m  OK  [0m] Started Deferred execution scheduler.
cloud-init[960]: |       *  o +.oo.|
         Starting Pollinate to seed the pseudo random number generator...
[[0;32m  OK  [0m] Started Regular background program processing daemon.
         Starting Snap Daemon...
         Starting Accounts Service...
         Starting LXD - container startup/shutdown...
[[0;32m  OK  [0m] Started iSCSI initiator daemon (iscsid).
[[0;32m  OK  [0m] Started /etc/rc.local Compatibility.
[    9.637089] cloud-init[960]: |        S. + + +.|
[    9.648654]          Starting Login to default iSCSI targets...
cloud-init[960]: |      . . o o E. |
[[0;32m  OK  [0m] Started Login to default iSCSI targets.
[    9.666347] cloud-init[[0;32m  OK  [0m] Reached target Remote File Systems (Pre).
[[0;32m  OK  [0m] Reached target Remote File Systems.
[960]: |       o . o  . .|
[    9.679633] cloud-init[960]: |        . = o  * |
[    9.693729] cloud-init         Starting LSB: Set the CPU Frequency Scaling governor to "ondemand"...
         Starting LSB: automatic crash report generation...
         Starting LSB: daemon to balance interrupts for SMP systems...
         Starting Permit User Sessions...
[960]: |        .=o=ooo +|[[0;32m  OK  [0m] Started Permit User Sessions.

[    9.729176] cloud-init[960]: +----[SHA256]-----+
[    9.730667]          Starting Terminate Plymouth Boot Screen...
         Starting Hold until boot process finishes up...
[[0;32m  OK  [0m] Started Login Service.
cloud-init[960]: Generating public/private ecdsa key pair.
[[0;32m  OK  [0m] Started Terminate Plymouth Boot Screen.
[    9.744686] cloud-init[960]: Your identification has been saved in /etc/ssh/ssh_host_ecdsa_key.
[    9.748915] cloud-init[960]: Your public key has been saved in /etc/ssh/ssh_host_ecdsa_key.pub.
[    9.750270] cloud-init[960]: [[0;32m  OK  [0m] Started Unattended Upgrades Shutdown.
[[0;32m  OK  [0m] Started System Logging Service.
[[0;32m  OK  [0m] Started Hold until boot process finishes up.
         Starting Set console scheme...
[[0;32m  OK  [0m] Started Serial Getty on ttyS0.
The key fingerprint is:
[[0;32m  OK  [0m] Started Getty on tty1.
[[0;32m  OK  [0m] Reached target Login Prompts.
[[0;32m  OK  [0m] Started LSB: Set the CPU Frequency Scaling governor to "ondemand".
[[0;32m  OK  [0m] Started Set console scheme.
[    9.783542] cloud-init[960]: SHA256:1C1HElTpQbrvhpMK6tUN0BzVoaODXkgfsoiyXenxuiQ root@ubuntu-xenial
[    9.789006] cloud-init[960]: The key's randomart image is:
[    9.790403] cloud-init[960]: +---[ECDSA 256]---+
[    9.792038] cloud-init[960]: |        .o===o   |
         Starting Authenticate and Authorize Users to Run Privileged Tasks...
[[0;32m  OK  [0m] Started LSB: MD monitoring daemon.
[[0;32m  OK  [0m] Started LSB: daemon to balance interrupts for SMP systems.
[    9.813775] cloud-init[960]: |       o o *+    |
[    9.814820] [[0;32m  OK  [0m] Started LSB: Record successful boot for GRUB.
cloud-init[960]: |      + = *.o.   |
[    9.818365] cloud-init[960]: |   . + O o =.    |
[    9.820958] cloud-init[960]: |. . = + S .      |
[    9.827341] [[0;32m  OK  [0m] Started Authenticate and Authorize Users to Run Privileged Tasks.
[[0;32m  OK  [0m] Started Accounts Service.
[[0;32m  OK  [0m] Started LSB: automatic crash report generation.
cloud-init[960]: | + o + o + .     |
[    9.868799] cloud-init[960]: |. E o = . .o.    |
[    9.870237] cloud-init[960]: |   o + .  +..    |
[    9.871372] cloud-init[960]: |   .=.  .. o.    |
[    9.872270] cloud-init[960]: +----[SHA256]-----+
[    9.873555] cloud-init[960]: Generating public/private ed25519 key pair.
[    9.882418] cloud-init[960]: Your identification has been saved in /etc/ssh/ssh_host_ed25519_key.
[    9.902513] cloud-init[960]: Your public key has been saved in /etc/ssh/ssh_host_ed25519_key.pub.
[    9.904110] cloud-init[960]: The key fingerprint is:
[    9.905544] cloud-init[960]: SHA256:MPRooMtqw/f3j8YCCUelnG212QimhZ+FszSpmYSgEjM root@ubuntu-xenial
[    9.915410] cloud-init[960]: The key's randomart image is:
[    9.917568] cloud-init[960]: +--[ED25519 256]--+
[[0;32m  OK  [0m] Started LXD - container startup/shutdown.
[    9.919843] cloud-init[960]: |E.. o +=o.       |
[    9.934941] cloud-init[960]: |.+ o.*BOo.=      |
[[0;32m  OK  [0m] Started Virtualbox guest utils.
[    9.957188] cloud-init[960]: |o . o=@oB+ .     |
[    9.963621] cloud-init[960]: |.. o *.*         |
[    9.967770] cloud-init[960]: |  o o . S        |
[    9.976146] cloud-init[960]: |..   o           |
[    9.977248] cloud-init[960]: |.+ .  . .        |
[    9.978312] cloud-init[960]: |. o .  o o.      |
[    9.979394] cloud-init[960]: |     .. +o..     |
[    9.980440] cloud-init[960]: +----[SHA256]-----+
[[0;32m  OK  [0m] Started Snap Daemon.
         Starting Wait until snapd is fully seeded...
[[0;32m  OK  [0m] Started Pollinate to seed the pseudo random number generator.
         Starting OpenBSD Secure Shell server...
[[0;32m  OK  [0m] Started OpenBSD Secure Shell server.
[[0;32m  OK  [0m] Created slice User Slice of vagrant.
         Starting User Manager for UID 1000...
[[0;32m  OK  [0m] Started Session 1 of user vagrant.
[[0;32m  OK  [0m] Started User Manager for UID 1000.
[[0;32m  OK  [0m] Started Wait until snapd is fully seeded.
         Starting Apply the settings specified in cloud-config...
[[0;32m  OK  [0m] Reached target Multi-User System.
[[0;32m  OK  [0m] Reached target Graphical Interface.
         Starting Update UTMP about System Runlevel Changes...
[[0;32m  OK  [0m] Started Update UTMP about System Runlevel Changes.
[   13.580239] cloud-init[1459]: Generating locales (this might take a while)...
[   14.556923] cloud-init[1459]:   en_US.UTF-8... done
[   14.558212] cloud-init[1459]: Generation complete.
[   14.904890] cloud-init[1459]: Cloud-init v. 21.1-19-gbad84ad4-0ubuntu1~16.04.2 running 'modules:config' at Thu, 28 Jul 2022 23:19:48 +0000. Up 13.50 seconds.
ci-info: no authorized SSH keys fingerprints found for user ubuntu.
<14>Jul 28 23:19:50 ec2: 
<14>Jul 28 23:19:50 ec2: #############################################################
<14>Jul 28 23:19:50 ec2: -----BEGIN SSH HOST KEY FINGERPRINTS-----
<14>Jul 28 23:19:50 ec2: 1024 SHA256:5HBG/D3KDdD8vei+aiB/s3r9PZNGEaZUMZNHwQ7cL54 root@ubuntu-xenial (DSA)
<14>Jul 28 23:19:50 ec2: 256 SHA256:1C1HElTpQbrvhpMK6tUN0BzVoaODXkgfsoiyXenxuiQ root@ubuntu-xenial (ECDSA)
<14>Jul 28 23:19:50 ec2: 256 SHA256:MPRooMtqw/f3j8YCCUelnG212QimhZ+FszSpmYSgEjM root@ubuntu-xenial (ED25519)
<14>Jul 28 23:19:50 ec2: 2048 SHA256:yjsHT8LXkDqS4cQqOjJWRjB12hD12qHiESogNPqQZHo root@ubuntu-xenial (RSA)
<14>Jul 28 23:19:50 ec2: -----END SSH HOST KEY FINGERPRINTS-----
<14>Jul 28 23:19:50 ec2: #############################################################
-----BEGIN SSH HOST KEY KEYS-----
ecdsa-sha2-nistp256 AAAAE2VjZHNhLXNoYTItbmlzdHAyNTYAAAAIbmlzdHAyNTYAAABBBDrHFsgCwIvamTf7h3PLggt3BebwHsy4DAOw53YCdPMYKTba2lMs70jx+w4qtUAH/NlqHxjF7WBXc4DDlMQ8CKE= root@ubuntu-xenial
ssh-ed25519 AAAAC3NzaC1lZDI1NTE5AAAAIBY3MAWtyHKivf60vUMSXnLBgNPRXnYNlLyt9PYHFL01 root@ubuntu-xenial
ssh-rsa AAAAB3NzaC1yc2EAAAADAQABAAABAQDL3AxfxMRjf19slSMZigrcOralllx3ogAoEbXOoyseErsYbVkd4yRI24T4e8FKciCSLaMQG9mtHv+5kmOE1o4Sq4utk5BHpvaLw4pH43anOfmZTg0op9Da+kEekykeZyAQxw9ju6+BH1IgJeEt0jJWeKwtV3oQ2dXrXTWLKRaFLtoZ5LlFzSWtdvCn1C7NgYYAoovZsu5FF8ZgPCrMQ9vYrFJ3Wf0bG0qQbAiZW3qzH6K7KGzY3Wewdixq/w3ELhjf9DXcPs7n5PhMcrmDC0J9odsvpwjHHL8R6gwfg2zahlIntEFC4nhG1EnuQtIp/mqiQumMS9+pEuesw0Dvi66l root@ubuntu-xenial
-----END SSH HOST KEY KEYS-----
[   15.407100] cloud-init[1592]: Cloud-init v. 21.1-19-gbad84ad4-0ubuntu1~16.04.2 running 'modules:final' at Thu, 28 Jul 2022 23:19:50 +0000. Up 15.25 seconds.
[   15.409477] cloud-init[1592]: ci-info: no authorized SSH keys fingerprints found for user ubuntu.
[   15.410879] cloud-init[1592]: Cloud-init v. 21.1-19-gbad84ad4-0ubuntu1~16.04.2 finished at Thu, 28 Jul 2022 23:19:50 +0000. Datasource DataSourceNoCloud [seed=/dev/sdb][dsmode=net].  Up 15.39 seconds

Ubuntu 16.04.7 LTS worker2 ttyS0

worker2 login: 